Archive member included to satisfy reference by file (symbol)

C:/Program Files/SEGGER/SEGGER Embedded Studio 8.10b/lib/libc_rv32ec_small.a(strasmops_rv.o)
                              Output/Debug/Obj/Hello_world_jlink/main.o (strlen)
C:/Program Files/SEGGER/SEGGER Embedded Studio 8.10b/lib/libc_rv32ec_small.a(prinops.o)
                              Output/Debug/Obj/Hello_world_jlink/main.o (sprintf)
C:/Program Files/SEGGER/SEGGER Embedded Studio 8.10b/lib/libc_rv32ec_small.a(__SEGGER_RTL_vfprintf_int_nwp.o)
                              (__SEGGER_RTL_vfprintf_int_nwp)
C:/Program Files/SEGGER/SEGGER Embedded Studio 8.10b/lib/libc_rv32ec_small.a(__SEGGER_RTL_vfscanf_int.o)
                              (__SEGGER_RTL_vfscanf_int)
C:/Program Files/SEGGER/SEGGER Embedded Studio 8.10b/lib/libc_rv32ec_small.a(fileops.o)
                              C:/Program Files/SEGGER/SEGGER Embedded Studio 8.10b/lib/libc_rv32ec_small.a(prinops.o) (fwrite)
C:/Program Files/SEGGER/SEGGER Embedded Studio 8.10b/lib/libc_rv32ec_small.a(intasmops_rv.o)
                              C:/Program Files/SEGGER/SEGGER Embedded Studio 8.10b/lib/libc_rv32ec_small.a(__SEGGER_RTL_vfscanf_int.o) (__mulsi3)
C:/Program Files/SEGGER/SEGGER Embedded Studio 8.10b/lib/libc_rv32ec_small.a(intops.o)
                              C:/Program Files/SEGGER/SEGGER Embedded Studio 8.10b/lib/libc_rv32ec_small.a(__SEGGER_RTL_vfprintf_int_nwp.o) (__udivdi3)
C:/Program Files/SEGGER/SEGGER Embedded Studio 8.10b/lib/libc_rv32ec_small.a(mbops.o)
                              C:/Program Files/SEGGER/SEGGER Embedded Studio 8.10b/lib/libc_rv32ec_small.a(prinops.o) (__SEGGER_RTL_current_locale)
C:/Program Files/SEGGER/SEGGER Embedded Studio 8.10b/lib/libc_rv32ec_small.a(sortops.o)
                              C:/Program Files/SEGGER/SEGGER Embedded Studio 8.10b/lib/libc_rv32ec_small.a(mbops.o) (bsearch)
C:/Program Files/SEGGER/SEGGER Embedded Studio 8.10b/lib/libc_rv32ec_small.a(strops.o)
                              C:/Program Files/SEGGER/SEGGER Embedded Studio 8.10b/lib/libc_rv32ec_small.a(mbops.o) (strcat)
C:/Program Files/SEGGER/SEGGER Embedded Studio 8.10b/lib/libc_rv32ec_small.a(timeops.o)
                              C:/Program Files/SEGGER/SEGGER Embedded Studio 8.10b/lib/libc_rv32ec_small.a(mbops.o) (__SEGGER_RTL_string_list_encode)
C:/Program Files/SEGGER/SEGGER Embedded Studio 8.10b/lib/libc_rv32ec_small.a(utilops.o)
                              C:/Program Files/SEGGER/SEGGER Embedded Studio 8.10b/lib/libc_rv32ec_small.a(__SEGGER_RTL_vfscanf_int.o) (__SEGGER_RTL_digit)
C:/Program Files/SEGGER/SEGGER Embedded Studio 8.10b/lib/libc_rv32ec_small.a(errno.o)
                              C:/Program Files/SEGGER/SEGGER Embedded Studio 8.10b/lib/libc_rv32ec_small.a(fileops.o) (__SEGGER_RTL_X_errno_addr)
C:/Program Files/SEGGER/SEGGER Embedded Studio 8.10b/lib/libc_rv32ec_small.a(execops.o)
                              C:/Program Files/SEGGER/SEGGER Embedded Studio 8.10b/lib/libc_rv32ec_small.a(strops.o) (__SEGGER_RTL_constraint_violation)
C:/Program Files/SEGGER/SEGGER Embedded Studio 8.10b/lib/libc_rv32ec_small.a(floatasmops_rv.o)
                              C:/Program Files/SEGGER/SEGGER Embedded Studio 8.10b/lib/libc_rv32ec_small.a(utilops.o) (__mulsf3)
C:/Program Files/SEGGER/SEGGER Embedded Studio 8.10b/lib/libc_rv32ec_small.a(convops.o)
                              C:/Program Files/SEGGER/SEGGER Embedded Studio 8.10b/lib/libc_rv32ec_small.a(execops.o) (itoa)
C:/Program Files/SEGGER/SEGGER Embedded Studio 8.10b/lib/libc_rv32ec_small.a(floatops.o)
                              C:/Program Files/SEGGER/SEGGER Embedded Studio 8.10b/lib/libc_rv32ec_small.a(convops.o) (__extenddftf2)
C:/Program Files/SEGGER/SEGGER Embedded Studio 8.10b/lib/prinops_rtt_rv32ec_small.a(prinops_rtt.o)
                              C:/Program Files/SEGGER/SEGGER Embedded Studio 8.10b/lib/libc_rv32ec_small.a(fileops.o) (__SEGGER_RTL_X_file_stat)
C:/Program Files/SEGGER/SEGGER Embedded Studio 8.10b/lib/prinops_rtt_rv32ec_small.a(SEGGER_RTT.o)
                              C:/Program Files/SEGGER/SEGGER Embedded Studio 8.10b/lib/prinops_rtt_rv32ec_small.a(prinops_rtt.o) (SEGGER_RTT_Read)
C:/Program Files/SEGGER/SEGGER Embedded Studio 8.10b/lib/heapops_basic_rv32ec_small.a(heapops_basic.o)
                              Output/Debug/Obj/Hello_world_jlink/riscv_crt0.o (__SEGGER_RTL_init_heap)
C:/Program Files/SEGGER/SEGGER Embedded Studio 8.10b/lib/heapops_disable_interrupts_locking_rv32ec_small.a(heapops.o)
                              C:/Program Files/SEGGER/SEGGER Embedded Studio 8.10b/lib/libc_rv32ec_small.a(mbops.o) (malloc)

Discarded input sections

 .group         0x00000000        0xc Output/Debug/Obj/Hello_world_jlink/main.o
 .group         0x00000000        0xc Output/Debug/Obj/Hello_world_jlink/main.o
 .group         0x00000000        0xc Output/Debug/Obj/Hello_world_jlink/main.o
 .group         0x00000000        0xc Output/Debug/Obj/Hello_world_jlink/main.o
[...]
Memory Configuration

Name             Origin             Length             Attributes
UNPLACED_SECTIONS 0x00000000         0x00000000         xw
RAM1             0x00000000         0x00004000         xw
*default*        0x00000000         0xffffffff

Linker script and memory map

                0x00000000                        __RAM1_segment_start__ = 0x0
                0x00004000                        __RAM1_segment_end__ = 0x4000
                0x00004000                        __RAM1_segment_size__ = 0x4000
                0x00000400                        __HEAPSIZE__ = 0x400
                0x0000046a                        __SEGGER_RTL_vfprintf = __SEGGER_RTL_vfprintf_int_nwp
                0x00000000                        __SEGGER_RTL_vfscanf = __SEGGER_RTL_vfscanf_int
                0x00000400                        __STACKSIZE__ = 0x400
                0x00000000                        __vectors_load_start__ = __RAM1_segment_start__

.vectors        0x00000000        0x0
                0x00000000                        __vectors_start__ = .
 *(.vectors .vectors.*)
                0x00000000                        __vectors_end__ = (__vectors_start__ + SIZEOF (.vectors))
                0x00000000                        __vectors_size__ = SIZEOF (.vectors)
                0x00000000                        __vectors_load_end__ = __vectors_end__
                0x00000001                        . = ASSERT (((__vectors_start__ == __vectors_end__) || ((__vectors_end__ - __RAM1_segment_start__) <= __RAM1_segment_size__)), error: .vectors is too large to fit in RAM1 memory segment)
                0x00000000                        __init_load_start__ = ALIGN (__vectors_end__, 0x4)

.init           0x00000000      0x1c2
                0x00000000                        __init_start__ = .
 *(.init .init.*)
 .init          0x00000000      0x1c2 Output/Debug/Obj/Hello_world_jlink/riscv_crt0.o
                0x00000000                _start
                0x0000018a                start
                0x000001b6                exit
                0x000001c2                        __init_end__ = (__init_start__ + SIZEOF (.init))
                0x000001c2                        __init_size__ = SIZEOF (.init)
                0x000001c2                        __init_load_end__ = __init_end__
                0x00000001                        . = ASSERT (((__init_start__ == __init_end__) || ((__init_end__ - __RAM1_segment_start__) <= __RAM1_segment_size__)), error: .init is too large to fit in RAM1 memory segment)
                0x000001c4                        __init_rodata_load_start__ = ALIGN (__init_end__, 0x4)

.init_rodata    0x000001c4        0x0
                0x000001c4                        __init_rodata_start__ = .
 *(.init_rodata .init_rodata.*)
                0x000001c4                        __init_rodata_end__ = (__init_rodata_start__ + SIZEOF (.init_rodata))
                0x00000000                        __init_rodata_size__ = SIZEOF (.init_rodata)
                0x000001c4                        __init_rodata_load_end__ = __init_rodata_end__
                0x00000001                        . = ASSERT (((__init_rodata_start__ == __init_rodata_end__) || ((__init_rodata_end__ - __RAM1_segment_start__) <= __RAM1_segment_size__)), error: .init_rodata is too large to fit in RAM1 memory segment)
                0x000001c4                        __text_load_start__ = ALIGN (__init_rodata_end__, 0x4)

.text           0x000001c4      0x960
                0x000001c4                        __text_start__ = .
 *(.text .text.* .gnu.linkonce.t.*)
 .text.timer_read
                0x000001c4       0x5e Output/Debug/Obj/Hello_world_jlink/main.o
                0x000001c4                timer_read
 .text.startup.main
                0x00000222       0xae Output/Debug/Obj/Hello_world_jlink/main.o
                0x00000222                main
 .text.trap_entry
                0x000002d0       0x4e Output/Debug/Obj/Hello_world_jlink/riscv_crt0.o
                0x000002d0                trap_entry
                0x00000316                handle_trap
                0x00000318                _init
                0x0000031a                _fini
 .text.libc.memset
                0x0000031e       0x12 C:/Program Files/SEGGER/SEGGER Embedded Studio 8.10b/lib/libc_rv32ec_small.a(strasmops_rv.o)
                0x0000031e                memset
 .text.libc.strlen
                0x00000330       0x10 C:/Program Files/SEGGER/SEGGER Embedded Studio 8.10b/lib/libc_rv32ec_small.a(strasmops_rv.o)
                0x00000330                strlen
 .text.libc.__SEGGER_RTL_prin_flush
                0x00000340       0x22 C:/Program Files/SEGGER/SEGGER Embedded Studio 8.10b/lib/libc_rv32ec_small.a(prinops.o)
                0x00000340                __SEGGER_RTL_prin_flush
 .text.libc.__SEGGER_RTL_putc
                0x00000362       0x9a C:/Program Files/SEGGER/SEGGER Embedded Studio 8.10b/lib/libc_rv32ec_small.a(prinops.o)
                0x00000362                __SEGGER_RTL_putc
 .text.libc.__SEGGER_RTL_init_prin_l
                0x000003fc       0x20 C:/Program Files/SEGGER/SEGGER Embedded Studio 8.10b/lib/libc_rv32ec_small.a(prinops.o)
                0x000003fc                __SEGGER_RTL_init_prin_l
 .text.libc.__SEGGER_RTL_init_prin
                0x0000041c       0x16 C:/Program Files/SEGGER/SEGGER Embedded Studio 8.10b/lib/libc_rv32ec_small.a(prinops.o)
                0x0000041c                __SEGGER_RTL_init_prin
 .text.libc.sprintf
                0x00000432       0x38 C:/Program Files/SEGGER/SEGGER Embedded Studio 8.10b/lib/libc_rv32ec_small.a(prinops.o)
                0x00000432                sprintf
 .text.libc.__SEGGER_RTL_vfprintf_int_nwp
                0x0000046a      0x47a C:/Program Files/SEGGER/SEGGER Embedded Studio 8.10b/lib/libc_rv32ec_small.a(__SEGGER_RTL_vfprintf_int_nwp.o)
                0x0000046a                __SEGGER_RTL_vfprintf_int_nwp
 .text.libc.__udivdi3
                0x000008e4       0xca C:/Program Files/SEGGER/SEGGER Embedded Studio 8.10b/lib/libc_rv32ec_small.a(intops.o)
                0x000008e4                __udivdi3
 .text.libc.__umoddi3
                0x000009ae       0x80 C:/Program Files/SEGGER/SEGGER Embedded Studio 8.10b/lib/libc_rv32ec_small.a(intops.o)
                0x000009ae                __umoddi3
 .text.libc.__SEGGER_RTL_ascii_isctype
                0x00000a2e       0x28 C:/Program Files/SEGGER/SEGGER Embedded Studio 8.10b/lib/libc_rv32ec_small.a(mbops.o)
 .text.libc.__SEGGER_RTL_ascii_toupper
                0x00000a56        0xe C:/Program Files/SEGGER/SEGGER Embedded Studio 8.10b/lib/libc_rv32ec_small.a(mbops.o)
 .text.libc.__SEGGER_RTL_ascii_tolower
                0x00000a64       0x10 C:/Program Files/SEGGER/SEGGER Embedded Studio 8.10b/lib/libc_rv32ec_small.a(mbops.o)
 .text.libc.__SEGGER_RTL_ascii_iswctype
                0x00000a74       0x28 C:/Program Files/SEGGER/SEGGER Embedded Studio 8.10b/lib/libc_rv32ec_small.a(mbops.o)
 .text.libc.__SEGGER_RTL_ascii_towupper
                0x00000a9c        0xe C:/Program Files/SEGGER/SEGGER Embedded Studio 8.10b/lib/libc_rv32ec_small.a(mbops.o)
 .text.libc.__SEGGER_RTL_ascii_towlower
                0x00000aaa       0x10 C:/Program Files/SEGGER/SEGGER Embedded Studio 8.10b/lib/libc_rv32ec_small.a(mbops.o)
 .text.libc.__SEGGER_RTL_ascii_mbtowc
                0x00000aba       0x2a C:/Program Files/SEGGER/SEGGER Embedded Studio 8.10b/lib/libc_rv32ec_small.a(mbops.o)
                0x00000aba                __SEGGER_RTL_ascii_mbtowc
 .text.libc.__SEGGER_RTL_ascii_wctomb
                0x00000ae4       0x14 C:/Program Files/SEGGER/SEGGER Embedded Studio 8.10b/lib/libc_rv32ec_small.a(mbops.o)
                0x00000ae4                __SEGGER_RTL_ascii_wctomb
 .text.libc.__SEGGER_RTL_current_locale
                0x00000af8       0x18 C:/Program Files/SEGGER/SEGGER Embedded Studio 8.10b/lib/libc_rv32ec_small.a(mbops.o)
                0x00000af8                __SEGGER_RTL_current_locale
 .text.libc.__SEGGER_RTL_init_heap
                0x00000b10       0x14 C:/Program Files/SEGGER/SEGGER Embedded Studio 8.10b/lib/heapops_basic_rv32ec_small.a(heapops_basic.o)
                0x00000b10                __SEGGER_RTL_init_heap
                0x00000b24                        __text_end__ = (__text_start__ + SIZEOF (.text))
                0x00000960                        __text_size__ = SIZEOF (.text)
                0x00000b24                        __text_load_end__ = __text_end__
                0x00000001                        . = ASSERT (((__text_start__ == __text_end__) || ((__text_end__ - __RAM1_segment_start__) <= __RAM1_segment_size__)), error: .text is too large to fit in RAM1 memory segment)
                0x00000b28                        __dtors_load_start__ = ALIGN (__text_end__, 0x8)

.dtors          0x00000b28        0x0
                0x00000b28                        __dtors_start__ = .
 *(SORT_BY_NAME(.dtors.*))
 *(.dtors)
 *(.fini_array)
 *(SORT_BY_NAME(.fini_array.*))
                0x00000b28                        __dtors_end__ = (__dtors_start__ + SIZEOF (.dtors))
                0x00000000                        __dtors_size__ = SIZEOF (.dtors)
                0x00000b28                        __dtors_load_end__ = __dtors_end__
                0x00000001                        . = ASSERT (((__dtors_start__ == __dtors_end__) || ((__dtors_end__ - __RAM1_segment_start__) <= __RAM1_segment_size__)), error: .dtors is too large to fit in RAM1 memory segment)
                0x00000b28                        __ctors_load_start__ = ALIGN (__dtors_end__, 0x8)

.ctors          0x00000b28        0x0
                0x00000b28                        __ctors_start__ = .
 *(SORT_BY_NAME(.ctors.*))
 *(.ctors)
 *(.init_array)
 *(SORT_BY_NAME(.init_array.*))
                0x00000b28                        __ctors_end__ = (__ctors_start__ + SIZEOF (.ctors))
                0x00000000                        __ctors_size__ = SIZEOF (.ctors)
                0x00000b28                        __ctors_load_end__ = __ctors_end__
                0x00000001                        . = ASSERT (((__ctors_start__ == __ctors_end__) || ((__ctors_end__ - __RAM1_segment_start__) <= __RAM1_segment_size__)), error: .ctors is too large to fit in RAM1 memory segment)
                0x00000b28                        __rodata_load_start__ = ALIGN (__ctors_end__, 0x4)

.rodata         0x00000b28      0x2b6
                0x00000b28                        __rodata_start__ = .
 *(.rodata .rodata.* .gnu.linkonce.r.*)
 .rodata.main.str1.4
                0x00000b28       0x1a Output/Debug/Obj/Hello_world_jlink/main.o
                                 0x10 (size before relaxing)
 *fill*         0x00000b42        0x2 
 .rodata.libc.__SEGGER_RTL_hex_lc
                0x00000b44       0x10 C:/Program Files/SEGGER/SEGGER Embedded Studio 8.10b/lib/libc_rv32ec_small.a(prinops.o)
                0x00000b44                __SEGGER_RTL_hex_lc
 .rodata.libc.__SEGGER_RTL_hex_uc
                0x00000b54       0x10 C:/Program Files/SEGGER/SEGGER Embedded Studio 8.10b/lib/libc_rv32ec_small.a(prinops.o)
                0x00000b54                __SEGGER_RTL_hex_uc
 .rodata.libc.__SEGGER_RTL_vfprintf_int_nwp
                0x00000b64       0x58 C:/Program Files/SEGGER/SEGGER Embedded Studio 8.10b/lib/libc_rv32ec_small.a(__SEGGER_RTL_vfprintf_int_nwp.o)
 .rodata.libc.__SEGGER_RTL_find_locale.str1.4
                0x00000bbc        0xa C:/Program Files/SEGGER/SEGGER Embedded Studio 8.10b/lib/libc_rv32ec_small.a(mbops.o)
 .rodata.libc.__SEGGER_RTL_c_locale
                0x00000bbc        0xc C:/Program Files/SEGGER/SEGGER Embedded Studio 8.10b/lib/libc_rv32ec_small.a(mbops.o)
                0x00000bbc                __SEGGER_RTL_c_locale
 .rodata.libc.__SEGGER_RTL_c_locale_data
                0x00000bc8       0x58 C:/Program Files/SEGGER/SEGGER Embedded Studio 8.10b/lib/libc_rv32ec_small.a(mbops.o)
                0x00000bc8                __SEGGER_RTL_c_locale_data
 .rodata.libc.__SEGGER_RTL_c_locale_abbrev_month_names
                0x00000c20       0x31 C:/Program Files/SEGGER/SEGGER Embedded Studio 8.10b/lib/libc_rv32ec_small.a(mbops.o)
                0x00000c20                __SEGGER_RTL_c_locale_abbrev_month_names
 *fill*         0x00000c51        0x3 
 .rodata.libc.__SEGGER_RTL_c_locale_abbrev_day_names
                0x00000c54       0x1d C:/Program Files/SEGGER/SEGGER Embedded Studio 8.10b/lib/libc_rv32ec_small.a(mbops.o)
                0x00000c54                __SEGGER_RTL_c_locale_abbrev_day_names
 *fill*         0x00000c71        0x3 
 .rodata.libc.__SEGGER_RTL_codeset_ascii
                0x00000c74       0x20 C:/Program Files/SEGGER/SEGGER Embedded Studio 8.10b/lib/libc_rv32ec_small.a(mbops.o)
                0x00000c74                __SEGGER_RTL_codeset_ascii
 .rodata.libc.__SEGGER_RTL_ascii_ctype_mask
                0x00000c94        0xd C:/Program Files/SEGGER/SEGGER Embedded Studio 8.10b/lib/libc_rv32ec_small.a(mbops.o)
 *fill*         0x00000ca1        0x3 
 .rodata.libc.__SEGGER_RTL_ascii_ctype_map
                0x00000ca4       0x80 C:/Program Files/SEGGER/SEGGER Embedded Studio 8.10b/lib/libc_rv32ec_small.a(mbops.o)
 .rodata.libc.__SEGGER_RTL_c_locale_date_time_format
                0x00000d24        0xf C:/Program Files/SEGGER/SEGGER Embedded Studio 8.10b/lib/libc_rv32ec_small.a(mbops.o)
 *fill*         0x00000d33        0x1 
 .rodata.libc.__SEGGER_RTL_c_locale_time_format
                0x00000d34        0x9 C:/Program Files/SEGGER/SEGGER Embedded Studio 8.10b/lib/libc_rv32ec_small.a(mbops.o)
 *fill*         0x00000d3d        0x3 
 .rodata.libc.__SEGGER_RTL_c_locale_date_format
                0x00000d40        0x9 C:/Program Files/SEGGER/SEGGER Embedded Studio 8.10b/lib/libc_rv32ec_small.a(mbops.o)
 *fill*         0x00000d49        0x3 
 .rodata.libc.__SEGGER_RTL_c_locale_month_names
                0x00000d4c       0x57 C:/Program Files/SEGGER/SEGGER Embedded Studio 8.10b/lib/libc_rv32ec_small.a(mbops.o)
 *fill*         0x00000da3        0x1 
 .rodata.libc.__SEGGER_RTL_c_locale_day_names
                0x00000da4       0x3a C:/Program Files/SEGGER/SEGGER Embedded Studio 8.10b/lib/libc_rv32ec_small.a(mbops.o)
                0x00000dde                        __rodata_end__ = (__rodata_start__ + SIZEOF (.rodata))
                0x000002b6                        __rodata_size__ = SIZEOF (.rodata)
                0x00000dde                        __rodata_load_end__ = __rodata_end__
                0x00000001                        . = ASSERT (((__rodata_start__ == __rodata_end__) || ((__rodata_end__ - __RAM1_segment_start__) <= __RAM1_segment_size__)), error: .rodata is too large to fit in RAM1 memory segment)
                0x00000de0                        __srodata_load_start__ = ALIGN (__rodata_end__, 0x4)

.srodata        0x00000de0        0xf
                0x00000de0                        __srodata_start__ = .
 *(.srodata .srodata.*)
 .srodata.__SEGGER_RTL_data_empty_string
                0x00000de0        0x1 C:/Program Files/SEGGER/SEGGER Embedded Studio 8.10b/lib/libc_rv32ec_small.a(mbops.o)
                0x00000de0                __SEGGER_RTL_data_empty_string
 *fill*         0x00000de1        0x3 
 .srodata.__SEGGER_RTL_data_utf8_period
                0x00000de4        0x2 C:/Program Files/SEGGER/SEGGER Embedded Studio 8.10b/lib/libc_rv32ec_small.a(mbops.o)
                0x00000de4                __SEGGER_RTL_data_utf8_period
 *fill*         0x00000de6        0x2 
 .srodata.__SEGGER_RTL_c_locale_am_pm_indicator
                0x00000de8        0x7 C:/Program Files/SEGGER/SEGGER Embedded Studio 8.10b/lib/libc_rv32ec_small.a(mbops.o)
                0x00000def                        __srodata_end__ = (__srodata_start__ + SIZEOF (.srodata))
                0x0000000f                        __srodata_size__ = SIZEOF (.srodata)
                0x00000def                        __srodata_load_end__ = __srodata_end__

.rela.dyn       0x00000df0        0x0
 .rela.init     0x00000df0        0x0 Output/Debug/Obj/Hello_world_jlink/main.o
 .rela.text.trap_entry
                0x00000df0        0x0 Output/Debug/Obj/Hello_world_jlink/main.o
                0x00000001                        . = ASSERT (((__srodata_start__ == __srodata_end__) || ((__srodata_end__ - __RAM1_segment_start__) <= __RAM1_segment_size__)), error: .srodata is too large to fit in RAM1 memory segment)
                0x00000df0                        __eh_frame_load_start__ = ALIGN (__srodata_end__, 0x8)

.eh_frame       0x00000df0        0x0
                0x00000df0                        __eh_frame_start__ = .
 *(.eh_frame .eh_frame.*)
                0x00000df0                        __eh_frame_end__ = (__eh_frame_start__ + SIZEOF (.eh_frame))
                0x00000000                        __eh_frame_size__ = SIZEOF (.eh_frame)
                0x00000df0                        __eh_frame_load_end__ = __eh_frame_end__
                0x00000001                        . = ASSERT (((__eh_frame_start__ == __eh_frame_end__) || ((__eh_frame_end__ - __RAM1_segment_start__) <= __RAM1_segment_size__)), error: .eh_frame is too large to fit in RAM1 memory segment)
                0x00000df0                        __gcc_except_table_load_start__ = ALIGN (__eh_frame_end__, 0x4)

.gcc_except_table
                0x00000df0        0x0
                0x00000df0                        __gcc_except_table_start__ = .
 *(.gcc_except_table .gcc_except_table.*)
                0x00000df0                        __gcc_except_table_end__ = (__gcc_except_table_start__ + SIZEOF (.gcc_except_table))
                0x00000000                        __gcc_except_table_size__ = SIZEOF (.gcc_except_table)
                0x00000df0                        __gcc_except_table_load_end__ = __gcc_except_table_end__
                0x00000001                        . = ASSERT (((__gcc_except_table_start__ == __gcc_except_table_end__) || ((__gcc_except_table_end__ - __RAM1_segment_start__) <= __RAM1_segment_size__)), error: .gcc_except_table is too large to fit in RAM1 memory segment)
                0x00000df0                        __exec.itable_load_start__ = ALIGN (__gcc_except_table_end__, 0x4)

.exec.itable    0x00000df0        0x0
                0x00000df0                        __exec.itable_start__ = .
 *(.exec.itable .exec.itable.*)
                0x00000df0                        __exec.itable_end__ = (__exec.itable_start__ + SIZEOF (.exec.itable))
                0x00000000                        __exec.itable_size__ = SIZEOF (.exec.itable)
                0x00000df0                        __exec.itable_load_end__ = __exec.itable_end__
                0x00000001                        . = ASSERT (((__exec.itable_start__ == __exec.itable_end__) || ((__exec.itable_end__ - __RAM1_segment_start__) <= __RAM1_segment_size__)), error: .exec.itable is too large to fit in RAM1 memory segment)
                0x00000df0                        __fast_load_start__ = ALIGN (__exec.itable_end__, 0x4)

.fast           0x00000df0        0x0
                0x00000df0                        __fast_start__ = .
 *(.fast .fast.*)
                0x00000df0                        __fast_end__ = (__fast_start__ + SIZEOF (.fast))
                0x00000000                        __fast_size__ = SIZEOF (.fast)
                0x00000df0                        __fast_load_end__ = __fast_end__
                0x00000001                        . = ASSERT (((__fast_start__ == __fast_end__) || ((__fast_end__ - __RAM1_segment_start__) <= __RAM1_segment_size__)), error: .fast is too large to fit in RAM1 memory segment)
                0x00000df0                        __data_load_start__ = ALIGN (__fast_end__, 0x4)

.data           0x00000df0       0x14
                0x00000df0                        __data_start__ = .
 *(.data .data.* .gnu.linkonce.d.*)
 .data.libc.__SEGGER_RTL_global_locale
                0x00000df0       0x14 C:/Program Files/SEGGER/SEGGER Embedded Studio 8.10b/lib/libc_rv32ec_small.a(mbops.o)
                0x00000df0                __SEGGER_RTL_global_locale
                0x00000df0                __RAL_global_locale
                0x00000e04                        __data_end__ = (__data_start__ + SIZEOF (.data))
                0x00000014                        __data_size__ = SIZEOF (.data)
                0x00000e04                        __data_load_end__ = __data_end__
                0x00000001                        . = ASSERT (((__data_start__ == __data_end__) || ((__data_end__ - __RAM1_segment_start__) <= __RAM1_segment_size__)), error: .data is too large to fit in RAM1 memory segment)
                0x00000e04                        __sdata_load_start__ = ALIGN (__data_end__, 0x4)

.sdata          0x00000e04        0x4
                0x00000e04                        __sdata_start__ = .
 *(.sdata.* .sdata2.*)
 .sdata.print_buf_ptr
                0x00000e04        0x4 Output/Debug/Obj/Hello_world_jlink/main.o
                0x00000e04                print_buf_ptr
                0x00000e08                        __sdata_end__ = (__sdata_start__ + SIZEOF (.sdata))
                0x00000004                        __sdata_size__ = SIZEOF (.sdata)
                0x00000e08                        __sdata_load_end__ = __sdata_end__
                0x00000001                        . = ASSERT (((__sdata_start__ == __sdata_end__) || ((__sdata_end__ - __RAM1_segment_start__) <= __RAM1_segment_size__)), error: .sdata is too large to fit in RAM1 memory segment)
                0x00000e08                        __bss_load_start__ = ALIGN (__sdata_end__, 0x4)

.bss            0x00000e08       0x40
                0x00000e08                        __bss_start__ = .
 *(.bss .bss.* .gnu.linkonce.b.*)
 .bss.print_buf
                0x00000e08       0x40 Output/Debug/Obj/Hello_world_jlink/main.o
                0x00000e08                print_buf
 *(COMMON)
                0x00000e48                        __bss_end__ = (__bss_start__ + SIZEOF (.bss))
                0x00000040                        __bss_size__ = SIZEOF (.bss)
                0x00000e48                        __bss_load_end__ = __bss_end__
                0x00000001                        . = ASSERT (((__bss_start__ == __bss_end__) || ((__bss_end__ - __RAM1_segment_start__) <= __RAM1_segment_size__)), error: .bss is too large to fit in RAM1 memory segment)
                0x00000e48                        __tbss_load_start__ = ALIGN (__bss_end__, 0x4)

.tbss           0x00000e48        0x0
                0x00000e48                        __tbss_start__ = .
 *(.tbss .tbss.*)
                0x00000e48                        __tbss_end__ = (__tbss_start__ + SIZEOF (.tbss))
                0x00000000                        __tbss_size__ = SIZEOF (.tbss)
                0x00000e48                        __tbss_load_end__ = __tbss_end__
                0x00000001                        . = ASSERT (((__tbss_start__ == __tbss_end__) || ((__tbss_end__ - __RAM1_segment_start__) <= __RAM1_segment_size__)), error: .tbss is too large to fit in RAM1 memory segment)
                0x00000e48                        __tdata_load_start__ = ALIGN (__tbss_end__, 0x4)

.tdata          0x00000e48        0x0
                0x00000e48                        __tdata_start__ = .
 *(.tdata .tdata.*)
                0x00000e48                        __tdata_end__ = (__tdata_start__ + SIZEOF (.tdata))
                0x00000000                        __tdata_size__ = SIZEOF (.tdata)
                0x00000e48                        __tdata_load_end__ = __tdata_end__
                0x00000001                        . = ASSERT (((__tdata_start__ == __tdata_end__) || ((__tdata_end__ - __RAM1_segment_start__) <= __RAM1_segment_size__)), error: .tdata is too large to fit in RAM1 memory segment)
                0x00000e48                        __sbss_load_start__ = ALIGN (__tdata_end__, 0x4)

.sbss           0x00000e48        0x8
                0x00000e48                        __sbss_start__ = .
 *(.sbss .sbss.*)
 .sbss.__SEGGER_RTL_locale_ptr
                0x00000e48        0x4 C:/Program Files/SEGGER/SEGGER Embedded Studio 8.10b/lib/libc_rv32ec_small.a(mbops.o)
                0x00000e48                __SEGGER_RTL_locale_ptr
 .sbss.__SEGGER_RTL_heap_globals
                0x00000e4c        0x4 C:/Program Files/SEGGER/SEGGER Embedded Studio 8.10b/lib/heapops_basic_rv32ec_small.a(heapops_basic.o)
                0x00000e50                        __sbss_end__ = (__sbss_start__ + SIZEOF (.sbss))
                0x00000008                        __sbss_size__ = SIZEOF (.sbss)
                0x00000e50                        __sbss_load_end__ = __sbss_end__
                0x00000001                        . = ASSERT (((__sbss_start__ == __sbss_end__) || ((__sbss_end__ - __RAM1_segment_start__) <= __RAM1_segment_size__)), error: .sbss is too large to fit in RAM1 memory segment)
                0x00000e50                        __non_init_load_start__ = ALIGN (__sbss_end__, 0x4)

.non_init       0x00000e50        0x0
                0x00000e50                        __non_init_start__ = .
 *(.non_init .non_init.*)
                0x00000e50                        __non_init_end__ = (__non_init_start__ + SIZEOF (.non_init))
                0x00000000                        __non_init_size__ = SIZEOF (.non_init)
                0x00000e50                        __non_init_load_end__ = __non_init_end__
                0x00000001                        . = ASSERT (((__non_init_start__ == __non_init_end__) || ((__non_init_end__ - __RAM1_segment_start__) <= __RAM1_segment_size__)), error: .non_init is too large to fit in RAM1 memory segment)
                0x00000e50                        __heap_load_start__ = ALIGN (__non_init_end__, 0x10)

.heap           0x00000e50      0x400
                0x00000e50                        __heap_start__ = .
 *(.heap .heap.*)
                0x00001250                        . = ALIGN (MAX ((__heap_start__ + __HEAPSIZE__), .), 0x10)
 *fill*         0x00000e50      0x400 
                0x00001250                        __heap_end__ = (__heap_start__ + SIZEOF (.heap))
                0x00000400                        __heap_size__ = SIZEOF (.heap)
                0x00001250                        __heap_load_end__ = __heap_end__
                0x00000001                        . = ASSERT (((__heap_start__ == __heap_end__) || ((__heap_end__ - __RAM1_segment_start__) <= __RAM1_segment_size__)), error: .heap is too large to fit in RAM1 memory segment)
                0x00000001                        . = ASSERT ((__HEAPSIZE__ == ALIGN (__HEAPSIZE__, 0x10)), error: .heap section size does not match alignment)
                0x00000001                        . = ASSERT ((__heap_size__ <= __HEAPSIZE__), error: .heap section is larger than specified size)
                0x00003c00                        __stack_load_start__ = (__RAM1_segment_start__ + (__RAM1_segment_size__ - 0x400))

.stack          0x00003c00      0x400
                0x00003c00                        __stack_start__ = .
 *(.stack .stack.*)
                0x00004000                        . = ALIGN (MAX ((__stack_start__ + __STACKSIZE__), .), 0x4)
 *fill*         0x00003c00      0x400 
                0x00004000                        __stack_end__ = (__stack_start__ + SIZEOF (.stack))
                0x00000400                        __stack_size__ = SIZEOF (.stack)
                0x00004000                        __stack_load_end__ = __stack_end__
                0x00004000                        __RAM1_segment_used_end__ = ((__RAM1_segment_start__ + (__RAM1_segment_size__ - 0x400)) + SIZEOF (.stack))
                0x00004000                        __RAM1_segment_used_size__ = (__RAM1_segment_used_end__ - __RAM1_segment_start__)
                0x00000001                        . = ASSERT (((__stack_start__ == __stack_end__) || ((__stack_end__ - __RAM1_segment_start__) <= __RAM1_segment_size__)), error: .stack is too large to fit in RAM1 memory segment)
                0x00000001                        . = ASSERT ((__heap_end__ <= __stack_start__), error: section .heap overlaps absolute placed section .stack)
                0x00000001                        . = ASSERT ((__STACKSIZE__ == ALIGN (__STACKSIZE__, 0x4)), error: .stack section size does not match alignment)
                0x00000001                        . = ASSERT ((__stack_size__ <= __STACKSIZE__), error: .stack section is larger than specified size)
START GROUP
LOAD Output/Debug/Obj/Hello_world_jlink/main.o
LOAD Output/Debug/Obj/Hello_world_jlink/riscv_crt0.o
LOAD C:/Program Files/SEGGER/SEGGER Embedded Studio 8.10b/lib/libc_rv32ec_small.a
LOAD C:/Program Files/SEGGER/SEGGER Embedded Studio 8.10b/lib/prinops_rtt_rv32ec_small.a
LOAD C:/Program Files/SEGGER/SEGGER Embedded Studio 8.10b/lib/heapops_basic_rv32ec_small.a
LOAD C:/Program Files/SEGGER/SEGGER Embedded Studio 8.10b/lib/heapops_disable_interrupts_locking_rv32ec_small.a
END GROUP
OUTPUT(C:/Users/slg/WorkSpace/TangPrimer-25K/LicheeTang25k_VexRV_micro/example/Hello_world_jlink/Output/Debug/Exe/Hello_world_jlink.elf elf32-littleriscv)

.debug_info     0x00000000      0x5f8
 .debug_info    0x00000000      0x5d6 Output/Debug/Obj/Hello_world_jlink/main.o
 .debug_info    0x000005d6       0x22 Output/Debug/Obj/Hello_world_jlink/riscv_crt0.o

.debug_abbrev   0x00000000      0x24e
 .debug_abbrev  0x00000000      0x23c Output/Debug/Obj/Hello_world_jlink/main.o
 .debug_abbrev  0x0000023c       0x12 Output/Debug/Obj/Hello_world_jlink/riscv_crt0.o

.debug_loc      0x00000000      0x259
 .debug_loc     0x00000000      0x259 Output/Debug/Obj/Hello_world_jlink/main.o

.debug_pubnames
                0x00000000       0xc2
 .debug_pubnames
                0x00000000       0xc2 Output/Debug/Obj/Hello_world_jlink/main.o

.debug_pubtypes
                0x00000000       0xfc
 .debug_pubtypes
                0x00000000       0xfc Output/Debug/Obj/Hello_world_jlink/main.o

.debug_aranges  0x00000000       0x90
 .debug_aranges
                0x00000000       0x50 Output/Debug/Obj/Hello_world_jlink/main.o
 .debug_aranges
                0x00000050       0x40 Output/Debug/Obj/Hello_world_jlink/riscv_crt0.o

.debug_ranges   0x00000000       0xe8
 .debug_ranges  0x00000000       0xb0 Output/Debug/Obj/Hello_world_jlink/main.o
 .debug_ranges  0x000000b0       0x38 Output/Debug/Obj/Hello_world_jlink/riscv_crt0.o

.debug_macro    0x00000000     0x13e7
 .debug_macro   0x00000000       0x72 Output/Debug/Obj/Hello_world_jlink/main.o
 .debug_macro   0x00000072      0x7c6 Output/Debug/Obj/Hello_world_jlink/main.o
 .debug_macro   0x00000838       0x4c Output/Debug/Obj/Hello_world_jlink/main.o
 .debug_macro   0x00000884      0x178 Output/Debug/Obj/Hello_world_jlink/main.o
 .debug_macro   0x000009fc      0x6e0 Output/Debug/Obj/Hello_world_jlink/main.o
 .debug_macro   0x000010dc       0x16 Output/Debug/Obj/Hello_world_jlink/main.o
 .debug_macro   0x000010f2       0x5e Output/Debug/Obj/Hello_world_jlink/main.o
 .debug_macro   0x00001150       0x28 Output/Debug/Obj/Hello_world_jlink/main.o
 .debug_macro   0x00001178      0x26f Output/Debug/Obj/Hello_world_jlink/main.o

.debug_line     0x00000000      0xb18
 .debug_line    0x00000000      0x75f Output/Debug/Obj/Hello_world_jlink/main.o
 .debug_line    0x0000075f      0x3b9 Output/Debug/Obj/Hello_world_jlink/riscv_crt0.o

.debug_str      0x00000000     0x6837
 .debug_str     0x00000000     0x6837 Output/Debug/Obj/Hello_world_jlink/main.o
                               0x6843 (size before relaxing)
 .debug_str     0x00006837       0xd7 Output/Debug/Obj/Hello_world_jlink/riscv_crt0.o

.comment        0x00000000       0x3f
 .comment       0x00000000       0x3f Output/Debug/Obj/Hello_world_jlink/main.o
                                 0x40 (size before relaxing)
 .comment       0x0000003f       0x40 C:/Program Files/SEGGER/SEGGER Embedded Studio 8.10b/lib/libc_rv32ec_small.a(prinops.o)
 .comment       0x0000003f       0x40 C:/Program Files/SEGGER/SEGGER Embedded Studio 8.10b/lib/libc_rv32ec_small.a(__SEGGER_RTL_vfprintf_int_nwp.o)
 .comment       0x0000003f       0x40 C:/Program Files/SEGGER/SEGGER Embedded Studio 8.10b/lib/libc_rv32ec_small.a(intops.o)
 .comment       0x0000003f       0x40 C:/Program Files/SEGGER/SEGGER Embedded Studio 8.10b/lib/libc_rv32ec_small.a(mbops.o)
 .comment       0x0000003f       0x40 C:/Program Files/SEGGER/SEGGER Embedded Studio 8.10b/lib/heapops_basic_rv32ec_small.a(heapops_basic.o)

.riscv.attributes
                0x00000000       0x3a
 .riscv.attributes
                0x00000000       0x2a Output/Debug/Obj/Hello_world_jlink/main.o
 .riscv.attributes
                0x0000002a       0x2c Output/Debug/Obj/Hello_world_jlink/riscv_crt0.o
 .riscv.attributes
                0x00000056       0x34 C:/Program Files/SEGGER/SEGGER Embedded Studio 8.10b/lib/libc_rv32ec_small.a(strasmops_rv.o)
 .riscv.attributes
                0x0000008a       0x36 C:/Program Files/SEGGER/SEGGER Embedded Studio 8.10b/lib/libc_rv32ec_small.a(prinops.o)
 .riscv.attributes
                0x000000c0       0x36 C:/Program Files/SEGGER/SEGGER Embedded Studio 8.10b/lib/libc_rv32ec_small.a(__SEGGER_RTL_vfprintf_int_nwp.o)
 .riscv.attributes
                0x000000f6       0x36 C:/Program Files/SEGGER/SEGGER Embedded Studio 8.10b/lib/libc_rv32ec_small.a(intops.o)
 .riscv.attributes
                0x0000012c       0x36 C:/Program Files/SEGGER/SEGGER Embedded Studio 8.10b/lib/libc_rv32ec_small.a(mbops.o)
 .riscv.attributes
                0x00000162       0x36 C:/Program Files/SEGGER/SEGGER Embedded Studio 8.10b/lib/heapops_basic_rv32ec_small.a(heapops_basic.o)

.stack_sizes    0x00000000       0x5a
 .stack_sizes   0x00000000        0x5 C:/Program Files/SEGGER/SEGGER Embedded Studio 8.10b/lib/libc_rv32ec_small.a(prinops.o)
 .stack_sizes   0x00000005        0x5 C:/Program Files/SEGGER/SEGGER Embedded Studio 8.10b/lib/libc_rv32ec_small.a(prinops.o)
 .stack_sizes   0x0000000a        0x5 C:/Program Files/SEGGER/SEGGER Embedded Studio 8.10b/lib/libc_rv32ec_small.a(prinops.o)
 .stack_sizes   0x0000000f        0x5 C:/Program Files/SEGGER/SEGGER Embedded Studio 8.10b/lib/libc_rv32ec_small.a(prinops.o)
 .stack_sizes   0x00000014        0x5 C:/Program Files/SEGGER/SEGGER Embedded Studio 8.10b/lib/libc_rv32ec_small.a(prinops.o)
 .stack_sizes   0x00000019        0x5 C:/Program Files/SEGGER/SEGGER Embedded Studio 8.10b/lib/libc_rv32ec_small.a(__SEGGER_RTL_vfprintf_int_nwp.o)
 .stack_sizes   0x0000001e        0x5 C:/Program Files/SEGGER/SEGGER Embedded Studio 8.10b/lib/libc_rv32ec_small.a(intops.o)
 .stack_sizes   0x00000023        0x5 C:/Program Files/SEGGER/SEGGER Embedded Studio 8.10b/lib/libc_rv32ec_small.a(intops.o)
 .stack_sizes   0x00000028        0x5 C:/Program Files/SEGGER/SEGGER Embedded Studio 8.10b/lib/libc_rv32ec_small.a(mbops.o)
 .stack_sizes   0x0000002d        0x5 C:/Program Files/SEGGER/SEGGER Embedded Studio 8.10b/lib/libc_rv32ec_small.a(mbops.o)
 .stack_sizes   0x00000032        0x5 C:/Program Files/SEGGER/SEGGER Embedded Studio 8.10b/lib/libc_rv32ec_small.a(mbops.o)
 .stack_sizes   0x00000037        0x5 C:/Program Files/SEGGER/SEGGER Embedded Studio 8.10b/lib/libc_rv32ec_small.a(mbops.o)
 .stack_sizes   0x0000003c        0x5 C:/Program Files/SEGGER/SEGGER Embedded Studio 8.10b/lib/libc_rv32ec_small.a(mbops.o)
 .stack_sizes   0x00000041        0x5 C:/Program Files/SEGGER/SEGGER Embedded Studio 8.10b/lib/libc_rv32ec_small.a(mbops.o)
 .stack_sizes   0x00000046        0x5 C:/Program Files/SEGGER/SEGGER Embedded Studio 8.10b/lib/libc_rv32ec_small.a(mbops.o)
 .stack_sizes   0x0000004b        0x5 C:/Program Files/SEGGER/SEGGER Embedded Studio 8.10b/lib/libc_rv32ec_small.a(mbops.o)
 .stack_sizes   0x00000050        0x5 C:/Program Files/SEGGER/SEGGER Embedded Studio 8.10b/lib/libc_rv32ec_small.a(mbops.o)
 .stack_sizes   0x00000055        0x5 C:/Program Files/SEGGER/SEGGER Embedded Studio 8.10b/lib/heapops_basic_rv32ec_small.a(heapops_basic.o)

.debug_frame    0x00000000       0xfc
 .debug_frame   0x00000000       0x8c Output/Debug/Obj/Hello_world_jlink/main.o
 .debug_frame   0x0000008c       0x70 C:/Program Files/SEGGER/SEGGER Embedded Studio 8.10b/lib/libc_rv32ec_small.a(strasmops_rv.o)
